// Jest Snapshot v1, https://goo.gl/fbAQLP

exports[`docker Run build and check meta 1`] = `
Object {
  "stderr": Array [],
  "stdout": Array [
    Array [
      "Sending build context to Docker daemon  2.048kB

",
    ],
    Array [
      "Step 1/5 : FROM alpine:3.7",
    ],
    Array [
      " ---> 6d1ef012b567",
    ],
    Array [
      "Step 2/5 : ARG COMMIT_SHA",
    ],
    Array [
      " ---> Using cache",
    ],
    Array [
      " ---> 519ee12b1200",
    ],
    Array [
      "Step 3/5 : ARG TREE_SHA",
    ],
    Array [
      " ---> Using cache",
    ],
    Array [
      " ---> 5a781124baf1",
    ],
    Array [
      "Step 4/5 : ENV HPC_ACTIONS_COMMIT_SHA $COMMIT_SHA",
    ],
    Array [
      " ---> Using cache",
    ],
    Array [
      " ---> ae20f4eb732a",
    ],
    Array [
      "Step 5/5 : ENV HPC_ACTIONS_TREE_SHA $TREE_SHA",
    ],
    Array [
      " ---> Using cache",
    ],
    Array [
      " ---> 1690e39e11ed",
    ],
    Array [
      "Successfully built 1690e39e11ed",
    ],
    Array [
      "Successfully tagged hpc-actions/unit-test:some-tag",
    ],
  ],
}
`;
